
> spoowa-frontend@1.0.0 dev
> vite --host 127.0.0.1 --port 5174


  [32m[1mVITE[22m v6.4.3[39m  [2mready in [0m[1m1872[22m[2m[0m ms[22m

  [32m➜[39m  [1mLocal[22m:   [36mhttp://127.0.0.1:[1m5174[22m/[39m
[2m[32m  ➜[39m[22m[2m  press [22m[1mh + enter[22m[2m to show help[22m
[2m1:38:50 AM[22m [36m[1m[vite][22m[39m [90m[2m(client)[22m[39m [32mhmr update [39m[2m/src/pages/Auth.jsx, /src/styles.css[22m
[2m1:42:20 AM[22m [36m[1m[vite][22m[39m [90m[2m(client)[22m[39m [32mhmr update [39m[2m/src/components/Navbar.jsx, /src/styles.css[22m
[2m1:42:20 AM[22m [36m[1m[vite][22m[39m [90m[2m(client)[22m[39m [32mhmr update [39m[2m/src/pages/Auth.jsx, /src/styles.css[22m
[2m1:42:20 AM[22m [36m[1m[vite][22m[39m [90m[2m(client)[22m[39m [32mhmr update [39m[2m/src/components/Navbar.jsx, /src/styles.css[22m
[2m1:42:20 AM[22m [36m[1m[vite][22m[39m [90m[2m(client)[22m[39m [32mhmr update [39m[2m/src/pages/Auth.jsx, /src/styles.css[22m
[2m1:42:20 AM[22m [36m[1m[vite][22m[39m [90m[2m(client)[22m[39m [32mhmr update [39m[2m/src/pages/Auth.jsx, /src/styles.css, /src/pages/Cart.jsx, /src/components/Navbar.jsx[22m
[2m1:43:55 AM[22m [36m[1m[vite][22m[39m [90m[2m(client)[22m[39m [32mhmr update [39m[2m/src/pages/Cart.jsx, /src/styles.css[22m
[2m1:45:22 AM[22m [31m[1m[vite][22m[39m [31mInternal server error: ENOENT: no such file or directory, open 'C:\SPOOWA\frontend\src\assets\spoowa-icon.svg'[39m
  Plugin: [35mvite:css-analysis[39m
  File: [36mC:/SPOOWA/frontend/src/styles.css[39m
      at async open (node:internal/fs/promises:642:25)
      at async Object.readFile (node:internal/fs/promises:1279:14)
      at async fileToDevUrl (file:///C:/SPOOWA/frontend/node_modules/vite/dist/node/chunks/dep-Dm0c1Wj2.js:10500:21)
      at async TransformPluginContext.handler (file:///C:/SPOOWA/frontend/node_modules/vite/dist/node/chunks/dep-Dm0c1Wj2.js:43626:29)
      at async EnvironmentPluginContainer.transform (file:///C:/SPOOWA/frontend/node_modules/vite/dist/node/chunks/dep-Dm0c1Wj2.js:42453:18)
      at async loadAndTransform (file:///C:/SPOOWA/frontend/node_modules/vite/dist/node/chunks/dep-Dm0c1Wj2.js:35845:27)
[2m1:45:22 AM[22m [31m[1m[vite][22m[39m [31m[2m(client)[22m[39m Pre-transform error: ENOENT: no such file or directory, open 'C:\SPOOWA\frontend\src\assets\spoowa-icon.svg'
  Plugin: [35mvite:css-analysis[39m
  File: [36mC:/SPOOWA/frontend/src/styles.css[39m
